[browser] In HTML, <button> cannot be a descendant of <button>.
This will cause a hydration error.

  ...
    <LoadingBoundary name="history/" loading={[...]}>
      <Suspense name="history/" fallback={<Fragment>}>
        <HTTPAccessFallbackBoundary notFound={undefined} forbidden={undefined} unauthorized={undefined}>
          <RedirectBoundary>
            <RedirectErrorBoundary router={{...}}>
              <InnerLayoutRouter url="/history" tree={[...]} params={{}} cacheNode={{rsc:<Fragment>, ...}} ...>
                <SegmentViewNode type="page" pagePath="history/pa...">
                  <SegmentTrieNode>
                  <ClientPageRoot Component={function HistoryPage} serverProvidedParams={{...}}>
                    <HistoryPage params={Promise} searchParams={Promise}>
                      <div className="mx-auto ma...">
                        <div>
                        <div>
                        <div>
                        <div className="glass-card...">
                          <div className="divide-y d...">
>                           <button
>                             onClick={function onClick}
>                             className="flex w-full items-center gap-3 px-5 py-4 text-left transition-colors hover:bg..."
>                           >
                              <div>
                              <div>
                              <span>
>                             <button
>                               onClick={function onClick}
>                               className="flex-shrink-0 rounded-lg p-2 text-on-surface-secondary/50 hover:text-shield..."
>                               title="Copy validation URL"
>                             >
                              ...
                ...
              ...
 
    at validateDOMNesting (file://F:/agent skill validator/skill-shield/.next/dev/static/chunks/node_modules_next_dist_compiled_react-dom_058-ah~._.js:1963:372)
    at completeWork (file://F:/agent skill validator/skill-shield/.next/dev/static/chunks/node_modules_next_dist_compiled_react-dom_058-ah~._.js:6925:25)
    at runWithFiberInDEV (file://F:/agent skill validator/skill-shield/.next/dev/static/chunks/node_modules_next_dist_compiled_react-dom_058-ah~._.js:965:74)
    at completeUnitOfWork (file://F:/agent skill validator/skill-shield/.next/dev/static/chunks/node_modules_next_dist_compiled_react-dom_058-ah~._.js:9622:23)
    at performUnitOfWork (file://F:/agent skill validator/skill-shield/.next/dev/static/chunks/node_modules_next_dist_compiled_react-dom_058-ah~._.js:9557:28)
    at workLoopConcurrentByScheduler (file://F:/agent skill validator/skill-shield/.next/dev/static/chunks/node_modules_next_dist_compiled_react-dom_058-ah~._.js:9551:58)
    at renderRootConcurrent (file://F:/agent skill validator/skill-shield/.next/dev/static/chunks/node_modules_next_dist_compiled_react-dom_058-ah~._.js:9534:71)
    at performWorkOnRoot (file://F:/agent skill validator/skill-shield/.next/dev/static/chunks/node_modules_next_dist_compiled_react-dom_058-ah~._.js:9061:150)
    at performWorkOnRootViaSchedulerTask (file://F:/agent skill validator/skill-shield/.next/dev/static/chunks/node_modules_next_dist_compiled_react-dom_058-ah~._.js:10255:9)
    at MessagePort.performWorkUntilDeadline (file://F:/agent skill validator/skill-shield/.next/dev/static/chunks/node_modules_next_dist_compiled_0rpq4pf._.js:2647:64) (file://F:/agent skill validator/skill-shield/.next/dev/static/chunks/node_modules_next_dist_compiled_react-dom_058-ah~._.js:1963:372)
